[INFO] Scanning for projects...
[INFO] 
[INFO] -----------------------< com.test:mini-java-app >-----------------------
[INFO] Building mini-java-app 1.0.0
[INFO] --------------------------------[ jar ]---------------------------------
[INFO] 
[INFO] --- jacoco-maven-plugin:0.8.11:prepare-agent (default) @ mini-java-app ---
[INFO] argLine set to -javaagent:/app/.m2/repository/org/jacoco/org.jacoco.agent/0.8.11/org.jacoco.agent-0.8.11-runtime.jar=destfile=/modernize-data/studio-data/TNT1001/APP467940/transformed-code/616/studio-workspace/var/target/jacoco.exec
[INFO] 
[INFO] --- maven-resources-plugin:2.6:resources (default-resources) @ mini-java-app ---
[INFO] Using 'UTF-8' encoding to copy filtered resources.
[INFO] Copying 1 resource
[INFO] 
[INFO] --- maven-compiler-plugin:3.11.0:compile (default-compile) @ mini-java-app ---
[INFO] Nothing to compile - all classes are up to date
[INFO] 
[INFO] --- maven-resources-plugin:2.6:testResources (default-testResources) @ mini-java-app ---
[INFO] Using 'UTF-8' encoding to copy filtered resources.
[INFO] skip non existing resourceDirectory /modernize-data/studio-data/TNT1001/APP467940/transformed-code/616/studio-workspace/var/src/test/resources
[INFO] 
[INFO] --- maven-compiler-plugin:3.11.0:testCompile (default-testCompile) @ mini-java-app ---
[INFO] Changes detected - recompiling the module! :source
[INFO] Compiling 2 source files with javac [debug release 17] to target/test-classes
[INFO] 
[INFO] --- maven-surefire-plugin:3.0.0:test (default-test) @ mini-java-app ---
[INFO] Using auto detected provider org.apache.maven.surefire.junitplatform.JUnitPlatformProvider
[INFO] 
[INFO] -------------------------------------------------------
[INFO]  T E S T S
[INFO] -------------------------------------------------------
[INFO] Running com.test.DatabaseServiceTest
Connecting to PostgreSQL database...
Database connection failed: Connection to localhost:5432 refused. Check that the hostname and port are correct and that the postmaster is accepting TCP/IP connections.
Connecting to PostgreSQL database...
Database connection failed: Connection to localhost:5432 refused. Check that the hostname and port are correct and that the postmaster is accepting TCP/IP connections.
Connecting to PostgreSQL database...
Database connection failed: Connection to localhost:5432 refused. Check that the hostname and port are correct and that the postmaster is accepting TCP/IP connections.
Connecting to PostgreSQL database...
Database connection failed: Connection to localhost:5432 refused. Check that the hostname and port are correct and that the postmaster is accepting TCP/IP connections.
Connecting to PostgreSQL database...
Database connection failed: Connection to localhost:5432 refused. Check that the hostname and port are correct and that the postmaster is accepting TCP/IP connections.
Connecting to PostgreSQL database...
Database connection failed: Connection to localhost:5432 refused. Check that the hostname and port are correct and that the postmaster is accepting TCP/IP connections.
Connecting to PostgreSQL database...
Database connection failed: Connection to localhost:5432 refused. Check that the hostname and port are correct and that the postmaster is accepting TCP/IP connections.
Connecting to PostgreSQL database...
Database connection failed: Connection to localhost:5432 refused. Check that the hostname and port are correct and that the postmaster is accepting TCP/IP connections.
Connecting to PostgreSQL database...
Database connection failed: Connection to localhost:5432 refused. Check that the hostname and port are correct and that the postmaster is accepting TCP/IP connections.
Connecting to PostgreSQL database...
Database connection failed: Connection to localhost:5432 refused. Check that the hostname and port are correct and that the postmaster is accepting TCP/IP connections.
Connecting to PostgreSQL database...
Database connection failed: Connection to localhost:5432 refused. Check that the hostname and port are correct and that the postmaster is accepting TCP/IP connections.
[INFO] Tests run: 24, Failures: 0, Errors: 0, Skipped: 0, Time elapsed: 0.158 s - in com.test.DatabaseServiceTest
[INFO] Running com.test.MiniAppTest
Failed to initialize logging: Permission denied
Database connection failed: Connection to localhost:5432 refused. Check that the hostname and port are correct and that the postmaster is accepting TCP/IP connections.
Failed to initialize logging: Permission denied
Database connection failed: Connection to localhost:5432 refused. Check that the hostname and port are correct and that the postmaster is accepting TCP/IP connections.
Failed to initialize logging: Permission denied
Database connection failed: Connection to localhost:5432 refused. Check that the hostname and port are correct and that the postmaster is accepting TCP/IP connections.
Failed to initialize logging: Permission denied
Database connection failed: Connection to localhost:5432 refused. Check that the hostname and port are correct and that the postmaster is accepting TCP/IP connections.
Failed to initialize logging: Permission denied
Database connection failed: Connection to localhost:5432 refused. Check that the hostname and port are correct and that the postmaster is accepting TCP/IP connections.
Failed to initialize logging: Permission denied
Database connection failed: Connection to localhost:5432 refused. Check that the hostname and port are correct and that the postmaster is accepting TCP/IP connections.
Failed to initialize logging: Permission denied
Database connection failed: Connection to localhost:5432 refused. Check that the hostname and port are correct and that the postmaster is accepting TCP/IP connections.
Failed to initialize logging: Permission denied
Database connection failed: Connection to localhost:5432 refused. Check that the hostname and port are correct and that the postmaster is accepting TCP/IP connections.
Failed to initialize logging: Permission denied
Database connection failed: Connection to localhost:5432 refused. Check that the hostname and port are correct and that the postmaster is accepting TCP/IP connections.
Failed to initialize logging: Permission denied
Database connection failed: Connection to localhost:5432 refused. Check that the hostname and port are correct and that the postmaster is accepting TCP/IP connections.
Failed to initialize logging: Permission denied
Database connection failed: Connection to localhost:5432 refused. Check that the hostname and port are correct and that the postmaster is accepting TCP/IP connections.
Failed to initialize logging: Permission denied
Database connection failed: Connection to localhost:5432 refused. Check that the hostname and port are correct and that the postmaster is accepting TCP/IP connections.
Failed to initialize logging: Permission denied
Database connection failed: Connection to localhost:5432 refused. Check that the hostname and port are correct and that the postmaster is accepting TCP/IP connections.
Failed to initialize logging: Permission denied
Database connection failed: Connection to localhost:5432 refused. Check that the hostname and port are correct and that the postmaster is accepting TCP/IP connections.
Failed to initialize logging: Permission denied
Database connection failed: Connection to localhost:5432 refused. Check that the hostname and port are correct and that the postmaster is accepting TCP/IP connections.
Failed to initialize logging: Permission denied
Database connection failed: Connection to localhost:5432 refused. Check that the hostname and port are correct and that the postmaster is accepting TCP/IP connections.
Failed to initialize logging: Permission denied
Database connection failed: Connection to localhost:5432 refused. Check that the hostname and port are correct and that the postmaster is accepting TCP/IP connections.
Failed to initialize logging: Permission denied
Database connection failed: Connection to localhost:5432 refused. Check that the hostname and port are correct and that the postmaster is accepting TCP/IP connections.
Failed to initialize logging: Permission denied
Database connection failed: Connection to localhost:5432 refused. Check that the hostname and port are correct and that the postmaster is accepting TCP/IP connections.
Failed to initialize logging: Permission denied
Database connection failed: Connection to localhost:5432 refused. Check that the hostname and port are correct and that the postmaster is accepting TCP/IP connections.
Failed to initialize logging: Permission denied
Database connection failed: Connection to localhost:5432 refused. Check that the hostname and port are correct and that the postmaster is accepting TCP/IP connections.
Failed to initialize logging: Permission denied
Database connection failed: Connection to localhost:5432 refused. Check that the hostname and port are correct and that the postmaster is accepting TCP/IP connections.
Failed to initialize logging: Permission denied
Database connection failed: Connection to localhost:5432 refused. Check that the hostname and port are correct and that the postmaster is accepting TCP/IP connections.
Failed to initialize logging: Permission denied
Database connection failed: Connection to localhost:5432 refused. Check that the hostname and port are correct and that the postmaster is accepting TCP/IP connections.
Failed to initialize logging: Permission denied
Database connection failed: Connection to localhost:5432 refused. Check that the hostname and port are correct and that the postmaster is accepting TCP/IP connections.
Failed to initialize logging: Permission denied
Database connection failed: Connection to localhost:5432 refused. Check that the hostname and port are correct and that the postmaster is accepting TCP/IP connections.
Failed to initialize logging: Permission denied
Database connection failed: Connection to localhost:5432 refused. Check that the hostname and port are correct and that the postmaster is accepting TCP/IP connections.
[INFO] Tests run: 27, Failures: 0, Errors: 0, Skipped: 0, Time elapsed: 27.123 s - in com.test.MiniAppTest
[INFO] 
[INFO] Results:
[INFO] 
[INFO] Tests run: 51, Failures: 0, Errors: 0, Skipped: 0
[INFO] 
[INFO] 
[INFO] --- jacoco-maven-plugin:0.8.11:report (report) @ mini-java-app ---
[INFO] Loading execution data file /modernize-data/studio-data/TNT1001/APP467940/transformed-code/616/studio-workspace/var/target/jacoco.exec
